[prodesk.in/home.html]
[backblue.gif]
[fade.gif]
[index.html]
[prodesk.in/manifest.webmanifest]
[media.gettyimages.com/id/1294886766/video/gettyimages-1294886766-640x6407ae6.jpg]
[prodesk.in/sw.js]
[prodesk.in/about-us-1.html]
[prodesk.in/our-values.html]
[prodesk.in/our-vision-1.html]
[prodesk.in/who-we-are-1.html]
[prodesk.in/what-we-do-1.html]
[prodesk.in/software-development.html]
[prodesk.in/web-development.html]
[prodesk.in/mobile-app-development.html]
[prodesk.in/crm-solutions.html]
[prodesk.in/hrm-software.html]
[prodesk.in/healthcare-systems.html]
[prodesk.in/cloud-services.html]
[prodesk.in/data-analytics.html]
[prodesk.in/ai-&-machine-learning.html]
[prodesk.in/consulting-&-it-strategy.html]
[prodesk.in/cybersecurity-services.html]
[prodesk.in/logo-design.html]
[prodesk.in/internet-of-things-iot-1.html]
[prodesk.in/ai-&-ml.html]
[prodesk.in/cloud-computing-&-devops.html]
[prodesk.in/python-&-backend.html]
[prodesk.in/react-&-modern-frontend.html]
[prodesk.in/mobile-technologies.html]
[prodesk.in/data-analytics-1.html]
[prodesk.in/internet-of-things-iot.html]
[prodesk.in/cybersecurity.html]
[prodesk.in/java-enterprise-solutions.html]
[prodesk.in/blockchain-&-web3.html]
[prodesk.in/automated-testing.html]
[prodesk.in/robotic-automation.html]
[prodesk.in/enterprise-crm-solutions.html]
[prodesk.in/erp-&-supply-chain.html]
[prodesk.in/ui/ux-design-studio.html]
[prodesk.in/e-commerce-&-retail.html]
[prodesk.in/it-infrastructure.html]
[prodesk.in/digital-marketing.html]
[prodesk.in/api-integration.html]
[prodesk.in/insights.html]
[prodesk.in/success-stories-1.html]
[prodesk.in/careers.html]
[prodesk.in/contact.html]
[img1.wsimg.com/blobby/go/83d5de90-a5eb-47d5-a7bd-5cd38cd4c0e1/gpub/ba6dc824937d662b/script.js]
[img1.wsimg.com/blobby/go/83d5de90-a5eb-47d5-a7bd-5cd38cd4c0e1/gpub/942af752ce2cce9d/script.js]
[prodesk.in/home.html]
[img1.wsimg.com/blobby/go/83d5de90-a5eb-47d5-a7bd-5cd38cd4c0e1/gpub/741c4b87652093fc/script.js]
[img1.wsimg.com/ceph-p3-01/website-builder-data-prod/static/widgets/UX.4.51.10.js]
[prodesk.in/about-us-1.html]
[img1.wsimg.com/blobby/go/83d5de90-a5eb-47d5-a7bd-5cd38cd4c0e1/gpub/10bc17e0eba6e42f/script.js]
[img1.wsimg.com/blobby/go/83d5de90-a5eb-47d5-a7bd-5cd38cd4c0e1/gpub/265f8e487d7196a0/script.js]
[img1.wsimg.com/blobby/go/83d5de90-a5eb-47d5-a7bd-5cd38cd4c0e1/gpub/d162febd08e35e94/script.js]
[prodesk.in/our-values.html]
[img1.wsimg.com/blobby/go/83d5de90-a5eb-47d5-a7bd-5cd38cd4c0e1/gpub/b9945a6c16c86f60/script.js]
[prodesk.in/our-vision-1.html]
[img1.wsimg.com/blobby/go/83d5de90-a5eb-47d5-a7bd-5cd38cd4c0e1/gpub/2430674b226d003/script.js]
[img1.wsimg.com/blobby/go/83d5de90-a5eb-47d5-a7bd-5cd38cd4c0e1/gpub/924d8ae6d7fb6acb/script.js]
[prodesk.in/who-we-are-1.html]
[img1.wsimg.com/blobby/go/83d5de90-a5eb-47d5-a7bd-5cd38cd4c0e1/gpub/f0aea2caf572f340/script.js]
[img1.wsimg.com/blobby/go/83d5de90-a5eb-47d5-a7bd-5cd38cd4c0e1/gpub/7df938f55432a624/script.js]
[prodesk.in/what-we-do-1.html]
[img1.wsimg.com/blobby/go/83d5de90-a5eb-47d5-a7bd-5cd38cd4c0e1/gpub/76610e6e441e8b96/script.js]
[img1.wsimg.com/blobby/go/83d5de90-a5eb-47d5-a7bd-5cd38cd4c0e1/gpub/cd7956e556515417/script.js]
[prodesk.in/software-development.html]
[img1.wsimg.com/blobby/go/83d5de90-a5eb-47d5-a7bd-5cd38cd4c0e1/gpub/675c40ac04976ab0/script.js]
[img1.wsimg.com/blobby/go/83d5de90-a5eb-47d5-a7bd-5cd38cd4c0e1/gpub/e7a640c393a0767a/script.js]
[img1.wsimg.com/blobby/go/83d5de90-a5eb-47d5-a7bd-5cd38cd4c0e1/gpub/3e50de02e1e7b5b7/script.js]
[prodesk.in/web-development.html]
[img1.wsimg.com/blobby/go/83d5de90-a5eb-47d5-a7bd-5cd38cd4c0e1/gpub/e54c494e99e6990c/script.js]
[img1.wsimg.com/blobby/go/83d5de90-a5eb-47d5-a7bd-5cd38cd4c0e1/gpub/50b24334668ff21c/script.js]
[prodesk.in/mobile-app-development.html]
[prodesk.in/crm-solutions.html]
[img1.wsimg.com/blobby/go/83d5de90-a5eb-47d5-a7bd-5cd38cd4c0e1/gpub/1f8e3dfcb8f4a283/script.js]
[img1.wsimg.com/blobby/go/83d5de90-a5eb-47d5-a7bd-5cd38cd4c0e1/gpub/122463a86e5d3ada/script.js]
[prodesk.in/hrm-software.html]
[img1.wsimg.com/blobby/go/83d5de90-a5eb-47d5-a7bd-5cd38cd4c0e1/gpub/dcaaf9882dc08f26/script.js]
[img1.wsimg.com/blobby/go/83d5de90-a5eb-47d5-a7bd-5cd38cd4c0e1/gpub/a9f1ea720325b0d5/script.js]
[prodesk.in/healthcare-systems.html]
[img1.wsimg.com/blobby/go/83d5de90-a5eb-47d5-a7bd-5cd38cd4c0e1/gpub/1c354bd5acd4ec7c/script.js]
[img1.wsimg.com/blobby/go/83d5de90-a5eb-47d5-a7bd-5cd38cd4c0e1/gpub/f1c1188e14104b35/script.js]
[img1.wsimg.com/blobby/go/83d5de90-a5eb-47d5-a7bd-5cd38cd4c0e1/gpub/a9fbeb2c922f00f8/script.js]
[img1.wsimg.com/blobby/go/83d5de90-a5eb-47d5-a7bd-5cd38cd4c0e1/gpub/108ebbda4421600f/script.js]
[prodesk.in/cloud-services.html]
[img1.wsimg.com/blobby/go/83d5de90-a5eb-47d5-a7bd-5cd38cd4c0e1/gpub/dc8e3ad7f81b6d14/script.js]
[img1.wsimg.com/blobby/go/83d5de90-a5eb-47d5-a7bd-5cd38cd4c0e1/gpub/11b1dd40e4f29e5e/script.js]
[prodesk.in/data-analytics.html]
[img1.wsimg.com/blobby/go/83d5de90-a5eb-47d5-a7bd-5cd38cd4c0e1/gpub/11713c7613bac673/script.js]
[prodesk.in/ai-&-machine-learning.html]
[img1.wsimg.com/blobby/go/83d5de90-a5eb-47d5-a7bd-5cd38cd4c0e1/gpub/e63026741f99d4db/script.js]
[prodesk.in/consulting-&-it-strategy.html]
[img1.wsimg.com/blobby/go/83d5de90-a5eb-47d5-a7bd-5cd38cd4c0e1/gpub/8792d445f8aa8f79/script.js]
[img1.wsimg.com/blobby/go/83d5de90-a5eb-47d5-a7bd-5cd38cd4c0e1/gpub/a21bcf234727f063/script.js]
[prodesk.in/cybersecurity-services.html]
[img1.wsimg.com/blobby/go/83d5de90-a5eb-47d5-a7bd-5cd38cd4c0e1/gpub/e74e1a715b49b65b/script.js]
[img1.wsimg.com/blobby/go/83d5de90-a5eb-47d5-a7bd-5cd38cd4c0e1/gpub/5612fd9a2751b5f7/script.js]
[prodesk.in/logo-design.html]
[img1.wsimg.com/blobby/go/83d5de90-a5eb-47d5-a7bd-5cd38cd4c0e1/gpub/23476fc2eaf97095/script.js]
[img1.wsimg.com/blobby/go/83d5de90-a5eb-47d5-a7bd-5cd38cd4c0e1/gpub/83325199bf170a7a/script.js]
[img1.wsimg.com/blobby/go/83d5de90-a5eb-47d5-a7bd-5cd38cd4c0e1/gpub/8254af04f5ffe835/script.js]
[prodesk.in/internet-of-things-iot-1.html]
[img1.wsimg.com/blobby/go/83d5de90-a5eb-47d5-a7bd-5cd38cd4c0e1/gpub/1dd62a18c0ad5919/script.js]
[img1.wsimg.com/blobby/go/83d5de90-a5eb-47d5-a7bd-5cd38cd4c0e1/gpub/ea2907258a056c88/script.js]
[img1.wsimg.com/blobby/go/83d5de90-a5eb-47d5-a7bd-5cd38cd4c0e1/gpub/1c3e7e6dbdb8d323/script.js]
[prodesk.in/ai-&-ml.html]
[img1.wsimg.com/blobby/go/83d5de90-a5eb-47d5-a7bd-5cd38cd4c0e1/gpub/ab86b464a3a0a09f/script.js]
[prodesk.in/cloud-computing-&-devops.html]
[img1.wsimg.com/blobby/go/83d5de90-a5eb-47d5-a7bd-5cd38cd4c0e1/gpub/b90518829207e201/script.js]
[img1.wsimg.com/blobby/go/83d5de90-a5eb-47d5-a7bd-5cd38cd4c0e1/gpub/ebb014101bd19aca/script.js]
[prodesk.in/python-&-backend.html]
[img1.wsimg.com/blobby/go/83d5de90-a5eb-47d5-a7bd-5cd38cd4c0e1/gpub/d15b1b91543c03d5/script.js]
[prodesk.in/react-&-modern-frontend.html]
[img1.wsimg.com/blobby/go/83d5de90-a5eb-47d5-a7bd-5cd38cd4c0e1/gpub/45115c8211663ea1/script.js]
[img1.wsimg.com/blobby/go/83d5de90-a5eb-47d5-a7bd-5cd38cd4c0e1/gpub/6cb2ad6a93ec71a/script.js]
[prodesk.in/mobile-technologies.html]
[img1.wsimg.com/blobby/go/83d5de90-a5eb-47d5-a7bd-5cd38cd4c0e1/gpub/d8b690fa852890dd/script.js]
[img1.wsimg.com/blobby/go/83d5de90-a5eb-47d5-a7bd-5cd38cd4c0e1/gpub/71df1c93e7c9f59f/script.js]
[prodesk.in/data-analytics-1.html]
[img1.wsimg.com/blobby/go/83d5de90-a5eb-47d5-a7bd-5cd38cd4c0e1/gpub/72c9d64d1af30d79/script.js]
[img1.wsimg.com/blobby/go/83d5de90-a5eb-47d5-a7bd-5cd38cd4c0e1/gpub/811e29be12ae485f/script.js]
[img1.wsimg.com/blobby/go/83d5de90-a5eb-47d5-a7bd-5cd38cd4c0e1/gpub/96843c3a618e5993/script.js]
[img1.wsimg.com/blobby/go/83d5de90-a5eb-47d5-a7bd-5cd38cd4c0e1/gpub/d7904a901ce9ba37/script.js]
[prodesk.in/internet-of-things-iot.html]
[img1.wsimg.com/blobby/go/83d5de90-a5eb-47d5-a7bd-5cd38cd4c0e1/gpub/35c835bb8b75f092/script.js]
[img1.wsimg.com/blobby/go/83d5de90-a5eb-47d5-a7bd-5cd38cd4c0e1/gpub/b4e70082eeafb68a/script.js]
[prodesk.in/cybersecurity.html]
[img1.wsimg.com/blobby/go/83d5de90-a5eb-47d5-a7bd-5cd38cd4c0e1/gpub/5a3aa31e0a2b6902/script.js]
[prodesk.in/java-enterprise-solutions.html]
[img1.wsimg.com/blobby/go/83d5de90-a5eb-47d5-a7bd-5cd38cd4c0e1/gpub/79a2d0ff5ca40779/script.js]
[prodesk.in/blockchain-&-web3.html]
[img1.wsimg.com/blobby/go/83d5de90-a5eb-47d5-a7bd-5cd38cd4c0e1/gpub/40ccdb158cc90373/script.js]
[img1.wsimg.com/blobby/go/83d5de90-a5eb-47d5-a7bd-5cd38cd4c0e1/gpub/4e68abd875fd62d7/script.js]
[prodesk.in/automated-testing.html]
[img1.wsimg.com/blobby/go/83d5de90-a5eb-47d5-a7bd-5cd38cd4c0e1/gpub/defab22fd7bc5b9/script.js]
[img1.wsimg.com/blobby/go/83d5de90-a5eb-47d5-a7bd-5cd38cd4c0e1/gpub/99d21986c021d407/script.js]
[img1.wsimg.com/blobby/go/83d5de90-a5eb-47d5-a7bd-5cd38cd4c0e1/gpub/2fef4b0e13774088/script.js]
[prodesk.in/robotic-automation.html]
[img1.wsimg.com/blobby/go/83d5de90-a5eb-47d5-a7bd-5cd38cd4c0e1/gpub/f315d92bff9c52b6/script.js]
[img1.wsimg.com/blobby/go/83d5de90-a5eb-47d5-a7bd-5cd38cd4c0e1/gpub/b63c93cccba038e6/script.js]
[img1.wsimg.com/blobby/go/83d5de90-a5eb-47d5-a7bd-5cd38cd4c0e1/gpub/af83f22fa24da21d/script.js]
[prodesk.in/enterprise-crm-solutions.html]
[img1.wsimg.com/blobby/go/83d5de90-a5eb-47d5-a7bd-5cd38cd4c0e1/gpub/9f8e9d98e35506d3/script.js]
[prodesk.in/erp-&-supply-chain.html]
[img1.wsimg.com/blobby/go/83d5de90-a5eb-47d5-a7bd-5cd38cd4c0e1/gpub/1bfdd150fcdfb6f7/script.js]
[img1.wsimg.com/blobby/go/83d5de90-a5eb-47d5-a7bd-5cd38cd4c0e1/gpub/2075afc14a39c40a/script.js]
[prodesk.in/ui/ux-design-studio.html]
[img1.wsimg.com/blobby/go/83d5de90-a5eb-47d5-a7bd-5cd38cd4c0e1/gpub/2f4825a89ebc782c/script.js]
[prodesk.in/e-commerce-&-retail.html]
[img1.wsimg.com/blobby/go/83d5de90-a5eb-47d5-a7bd-5cd38cd4c0e1/gpub/857e1d634c1557ad/script.js]
[img1.wsimg.com/blobby/go/83d5de90-a5eb-47d5-a7bd-5cd38cd4c0e1/gpub/c7ae271319262e24/script.js]
[prodesk.in/it-infrastructure.html]
[img1.wsimg.com/blobby/go/83d5de90-a5eb-47d5-a7bd-5cd38cd4c0e1/gpub/d97ec31670902ca3/script.js]
[img1.wsimg.com/blobby/go/83d5de90-a5eb-47d5-a7bd-5cd38cd4c0e1/gpub/30412d57e0ffe3db/script.js]
[prodesk.in/digital-marketing.html]
[img1.wsimg.com/blobby/go/83d5de90-a5eb-47d5-a7bd-5cd38cd4c0e1/gpub/d7255c7e254c499f/script.js]
[img1.wsimg.com/blobby/go/83d5de90-a5eb-47d5-a7bd-5cd38cd4c0e1/gpub/71a0ac548b11995f/script.js]
[img1.wsimg.com/blobby/go/83d5de90-a5eb-47d5-a7bd-5cd38cd4c0e1/gpub/9e6e725abdab3f1f/script.js]
[img1.wsimg.com/blobby/go/83d5de90-a5eb-47d5-a7bd-5cd38cd4c0e1/gpub/dae3c1762c1b334/script.js]
[prodesk.in/api-integration.html]
[img1.wsimg.com/blobby/go/83d5de90-a5eb-47d5-a7bd-5cd38cd4c0e1/gpub/ed47dc3dd05d14be/script.js]
[prodesk.in/insights.html]
[img1.wsimg.com/blobby/go/83d5de90-a5eb-47d5-a7bd-5cd38cd4c0e1/gpub/51bf3af37ecae8c4/script.js]
[img1.wsimg.com/blobby/go/83d5de90-a5eb-47d5-a7bd-5cd38cd4c0e1/gpub/36ae1fa6fdd04376/script.js]
[img1.wsimg.com/blobby/go/83d5de90-a5eb-47d5-a7bd-5cd38cd4c0e1/gpub/75410eda21e101ff/script.js]
[prodesk.in/success-stories-1.html]
[img1.wsimg.com/blobby/go/83d5de90-a5eb-47d5-a7bd-5cd38cd4c0e1/gpub/781308fa70acf9c0/script.js]
[img1.wsimg.com/blobby/go/83d5de90-a5eb-47d5-a7bd-5cd38cd4c0e1/gpub/605ed3367632e3e/script.js]
[prodesk.in/careers.html]
[img1.wsimg.com/blobby/go/83d5de90-a5eb-47d5-a7bd-5cd38cd4c0e1/gpub/b12b6d1816fe21d7/script.js]
[img1.wsimg.com/blobby/go/83d5de90-a5eb-47d5-a7bd-5cd38cd4c0e1/gpub/38d6609ea17088be/script.js]
[prodesk.in/contact.html]
[img1.wsimg.com/signals/js/clients/scc-c2/scc-c2.min.js]
